{
    "sarscov2 - bam - stub": {
        "content": [
            {
                "0": [
                    
                ],
                "1": [
                    
                ],
                "dbsub": [
                    
                ],
                "versions": [
                    
                ]
            }
        ],
        "meta": {
            "nf-test": "0.9.0",
            "nextflow": "23.04.5"
        },
        "timestamp": "2024-10-16T14:05:05.507427642"
    },
    "ecoli - fna": {
        "content": [
            {
                "0": [
                    
                ],
                "1": [
                    
                ],
                "dbsub": [
                    
                ],
                "versions": [
                    
                ]
            }
        ],
        "meta": {
            "nf-test": "0.9.0",
            "nextflow": "23.04.5"
        },
        "timestamp": "2024-10-16T14:04:58.313910313"
    }
}